<!DOCTYPE html>
<html><head>
<meta http-equiv="content-type" content="text/html; charset=UTF-8">
	<title>Test3</title>
</head>
<body cz-shortcut-listen="true">
	<h1>Top Customers per Month</h1>

	<h2>January 2016</h2>
					<table width="800">
						<tbody><tr>
							<th width="200" align="left">Customer</th>
							<th width="400" align="left">Products Bought</th>
							<th width="200" align="right">Total</th>
						</tr>
				
				<tr>
					<td valign="top">Melissia Sipe</td>
					<td>Dark Souls 3<br>DOOM<br>Rise of Nations: Extended Edition</td>
					<td valign="bottom" align="right">R 1,817.00</td>
				</tr>
			
				<tr>
					<td valign="top">Angelena Ristau</td>
					<td>Counter-Strike: Global Offensive<br>Dark Souls 3<br>DOOM</td>
					<td valign="bottom" align="right">R 1,757.00</td>
				</tr>
			
				<tr>
					<td valign="top">Stanford Stukes</td>
					<td>DOOM</td>
					<td valign="bottom" align="right">R 799.00</td>
				</tr>
			
				<tr>
					<td valign="top">Jacklyn Wineinger</td>
					<td>Age of Empires 3: Complete Collection</td>
					<td valign="bottom" align="right">R 409.00</td>
				</tr>
			
				<tr>
					<td valign="top">Jon Lirette</td>
					<td>Fable Anniversary</td>
					<td valign="bottom" align="right">R 359.00</td>
				</tr>
			
				<tr>
					<td valign="top">Rosario Milnes</td>
					<td>Homeworld Remastered Collection</td>
					<td valign="bottom" align="right">R 359.00</td>
				</tr>
			</tbody></table><h2>February 2016</h2>
					<table width="800">
						<tbody><tr>
							<th width="200" align="left">Customer</th>
							<th width="400" align="left">Products Bought</th>
							<th width="200" align="right">Total</th>
						</tr>
				
				<tr>
					<td valign="top">Arnulfo Condrey</td>
					<td>DOOM</td>
					<td valign="bottom" align="right">R 799.00</td>
				</tr>
			
				<tr>
					<td valign="top">Angelena Ristau</td>
					<td>Rise of Nations: Extended Edition</td>
					<td valign="bottom" align="right">R 219.00</td>
				</tr>
			
				<tr>
					<td valign="top">Melissia Sipe</td>
					<td>Counter-Strike: Global Offensive</td>
					<td valign="bottom" align="right">R 159.00</td>
				</tr>
			</tbody></table><h2>March 2016</h2>
					<table width="800">
						<tbody><tr>
							<th width="200" align="left">Customer</th>
							<th width="400" align="left">Products Bought</th>
							<th width="200" align="right">Total</th>
						</tr>
				
				<tr>
					<td valign="top">Jon Lirette</td>
					<td>Command &amp; Conquer: Red Alert 3<br>Homeworld Remastered Collection<br>Rise of Nations: Extended Edition</td>
					<td valign="bottom" align="right">R 797.00</td>
				</tr>
			
				<tr>
					<td valign="top">Olin Holeman</td>
					<td>Farcry Primal</td>
					<td valign="bottom" align="right">R 549.00</td>
				</tr>
			
				<tr>
					<td valign="top">Etta Jorgenson</td>
					<td>Counter-Strike: Global Offensive<br>Homeworld Remastered Collection</td>
					<td valign="bottom" align="right">R 518.00</td>
				</tr>
			
				<tr>
					<td valign="top">Waldo Hartl</td>
					<td>DayZ</td>
					<td valign="bottom" align="right">R 429.00</td>
				</tr>
			
				<tr>
					<td valign="top">Angelena Ristau</td>
					<td>Fable Anniversary</td>
					<td valign="bottom" align="right">R 359.00</td>
				</tr>
			</tbody></table><h2>April 2016</h2>
					<table width="800">
						<tbody><tr>
							<th width="200" align="left">Customer</th>
							<th width="400" align="left">Products Bought</th>
							<th width="200" align="right">Total</th>
						</tr>
				
				<tr>
					<td valign="top">Rocky Fenster</td>
					<td>DOOM</td>
					<td valign="bottom" align="right">R 799.00</td>
				</tr>
			
				<tr>
					<td valign="top">Brandon Bleakley</td>
					<td>Age of Empires 3: Complete Collection<br>Grim Dawn</td>
					<td valign="bottom" align="right">R 678.00</td>
				</tr>
			
				<tr>
					<td valign="top">Barney Oubre</td>
					<td>Counter-Strike: Global Offensive</td>
					<td valign="bottom" align="right">R 159.00</td>
				</tr>
			</tbody></table><h2>May 2016</h2>
					<table width="800">
						<tbody><tr>
							<th width="200" align="left">Customer</th>
							<th width="400" align="left">Products Bought</th>
							<th width="200" align="right">Total</th>
						</tr>
				
				<tr>
					<td valign="top">Sammy Gunderman</td>
					<td>DOOM<br>Left 4 Dead 2</td>
					<td valign="bottom" align="right">R 1,018.00</td>
				</tr>
			
				<tr>
					<td valign="top">Tyron Birch</td>
					<td>Dark Souls 3</td>
					<td valign="bottom" align="right">R 799.00</td>
				</tr>
			
				<tr>
					<td valign="top">Rosario Milnes</td>
					<td>Farcry Primal</td>
					<td valign="bottom" align="right">R 549.00</td>
				</tr>
			</tbody></table><h2>June 2016</h2>
					<table width="800">
						<tbody><tr>
							<th width="200" align="left">Customer</th>
							<th width="400" align="left">Products Bought</th>
							<th width="200" align="right">Total</th>
						</tr>
				
				<tr>
					<td valign="top">Angelena Ristau</td>
					<td>The Witcher 3: Wild Hunt</td>
					<td valign="bottom" align="right">R 399.99</td>
				</tr>
			</tbody></table><h2>July 2016</h2>
					<table width="800">
						<tbody><tr>
							<th width="200" align="left">Customer</th>
							<th width="400" align="left">Products Bought</th>
							<th width="200" align="right">Total</th>
						</tr>
				
				<tr>
					<td valign="top">Jacklyn Wineinger</td>
					<td>Age of Empires 3: Complete Collection</td>
					<td valign="bottom" align="right">R 409.00</td>
				</tr>
			
				<tr>
					<td valign="top">Stanford Stukes</td>
					<td>Grim Dawn</td>
					<td valign="bottom" align="right">R 269.00</td>
				</tr>
			</tbody></table><h2>August 2016</h2>
					<table width="800">
						<tbody><tr>
							<th width="200" align="left">Customer</th>
							<th width="400" align="left">Products Bought</th>
							<th width="200" align="right">Total</th>
						</tr>
				
				<tr>
					<td valign="top">Etta Jorgenson</td>
					<td>7 Days to Die<br>Tales of Berseria</td>
					<td valign="bottom" align="right">R 1,026.00</td>
				</tr>
			
				<tr>
					<td valign="top">Arnulfo Condrey</td>
					<td>Command &amp; Conquer: Red Alert 3<br>Homeworld Remastered Collection<br>Rise of Nations: Extended Edition</td>
					<td valign="bottom" align="right">R 797.00</td>
				</tr>
			
				<tr>
					<td valign="top">Olin Holeman</td>
					<td>DayZ<br>Portal Bundle</td>
					<td valign="bottom" align="right">R 675.00</td>
				</tr>
			
				<tr>
					<td valign="top">Rosario Milnes</td>
					<td>Age of Mythology: Extended Edition</td>
					<td valign="bottom" align="right">R 319.00</td>
				</tr>
			</tbody></table><h2>September 2016</h2>
					<table width="800">
						<tbody><tr>
							<th width="200" align="left">Customer</th>
							<th width="400" align="left">Products Bought</th>
							<th width="200" align="right">Total</th>
						</tr>
				
				<tr>
					<td valign="top">Waldo Hartl</td>
					<td>7 Days to Die<br>DOOM</td>
					<td valign="bottom" align="right">R 1,068.00</td>
				</tr>
			
				<tr>
					<td valign="top">Barney Oubre</td>
					<td>DOOM</td>
					<td valign="bottom" align="right">R 799.00</td>
				</tr>
			
				<tr>
					<td valign="top">Tyron Birch</td>
					<td>DOOM</td>
					<td valign="bottom" align="right">R 799.00</td>
				</tr>
			
				<tr>
					<td valign="top">Sammy Gunderman</td>
					<td>Age of Empires 3: Complete Collection<br>Grim Dawn</td>
					<td valign="bottom" align="right">R 678.00</td>
				</tr>
			
				<tr>
					<td valign="top">Brandon Bleakley</td>
					<td>The Elder scrolls V: Skyrim<br>The Witcher 3: Wild Hunt</td>
					<td valign="bottom" align="right">R 618.99</td>
				</tr>
			</tbody></table><h2>January 2017</h2>
					<table width="800">
						<tbody><tr>
							<th width="200" align="left">Customer</th>
							<th width="400" align="left">Products Bought</th>
							<th width="200" align="right">Total</th>
						</tr>
				
				<tr>
					<td valign="top">Jacklyn Wineinger</td>
					<td>7 Days to Die<br>Age of Empires 3: Complete Collection<br>Age of Mythology: Extended Edition<br>Counter-Strike: Global Offensive</td>
					<td valign="bottom" align="right">R 1,156.00</td>
				</tr>
			
				<tr>
					<td valign="top">Arnulfo Condrey</td>
					<td>DOOM<br>Left 4 Dead 2</td>
					<td valign="bottom" align="right">R 1,018.00</td>
				</tr>
			
				<tr>
					<td valign="top">Brandon Bleakley</td>
					<td>Dark Souls 3<br>The Elder scrolls V: Skyrim</td>
					<td valign="bottom" align="right">R 1,018.00</td>
				</tr>
			
				<tr>
					<td valign="top">Rosario Milnes</td>
					<td>Fable Anniversary</td>
					<td valign="bottom" align="right">R 359.00</td>
				</tr>
			
				<tr>
					<td valign="top">Etta Jorgenson</td>
					<td>Grim Dawn</td>
					<td valign="bottom" align="right">R 269.00</td>
				</tr>
			
				<tr>
					<td valign="top">Olin Holeman</td>
					<td>Grim Dawn</td>
					<td valign="bottom" align="right">R 269.00</td>
				</tr>
			
				<tr>
					<td valign="top">Rocky Fenster</td>
					<td>Grim Dawn</td>
					<td valign="bottom" align="right">R 269.00</td>
				</tr>
			
				<tr>
					<td valign="top">Waldo Hartl</td>
					<td>Grim Dawn</td>
					<td valign="bottom" align="right">R 269.00</td>
				</tr>
			
				<tr>
					<td valign="top">Stanford Stukes</td>
					<td>Portal Bundle</td>
					<td valign="bottom" align="right">R 246.00</td>
				</tr>
			
				<tr>
					<td valign="top">Angelena Ristau</td>
					<td>Rise of Nations: Extended Edition</td>
					<td valign="bottom" align="right">R 219.00</td>
				</tr>
			</tbody></table><h2>February 2017</h2>
					<table width="800">
						<tbody><tr>
							<th width="200" align="left">Customer</th>
							<th width="400" align="left">Products Bought</th>
							<th width="200" align="right">Total</th>
						</tr>
				
				<tr>
					<td valign="top">Sammy Gunderman</td>
					<td>Dark Souls 3<br>Grim Dawn</td>
					<td valign="bottom" align="right">R 1,068.00</td>
				</tr>
			
				<tr>
					<td valign="top">Brandon Bleakley</td>
					<td>Age of Empires 3: Complete Collection<br>Age of Mythology: Extended Edition</td>
					<td valign="bottom" align="right">R 728.00</td>
				</tr>
			
				<tr>
					<td valign="top">Waldo Hartl</td>
					<td>Age of Mythology: Extended Edition<br>Left 4 Dead 2</td>
					<td valign="bottom" align="right">R 538.00</td>
				</tr>
			
				<tr>
					<td valign="top">Jon Lirette</td>
					<td>DayZ</td>
					<td valign="bottom" align="right">R 429.00</td>
				</tr>
			
				<tr>
					<td valign="top">Tyron Birch</td>
					<td>The Witcher 3: Wild Hunt</td>
					<td valign="bottom" align="right">R 399.99</td>
				</tr>
			
				<tr>
					<td valign="top">Barney Oubre</td>
					<td>Counter-Strike: Global Offensive<br>The Elder scrolls V: Skyrim</td>
					<td valign="bottom" align="right">R 378.00</td>
				</tr>
			
				<tr>
					<td valign="top">Olin Holeman</td>
					<td>The Elder scrolls V: Skyrim</td>
					<td valign="bottom" align="right">R 219.00</td>
				</tr>
			</tbody></table>

</body></html>